G__46790$jscomp$inline_2700:ZD
G__46791$jscomp$inline_2701:$D
G__46792$jscomp$inline_2702:aE
G__49698$jscomp$inline_2556:PD
G__50338$jscomp$inline_2685:KD
JSCompiler_StaticMethods_assoc_BANG_:ri
JSCompiler_StaticMethods_buildDate_:tA
JSCompiler_StaticMethods_cleanUpTimeoutTimer_:Tw
JSCompiler_StaticMethods_cleanUpXhr_:Ww
JSCompiler_StaticMethods_cljs$core$IMultiFn$_add_method$arity$3:ek
JSCompiler_StaticMethods_cljs$core$IMultiFn$_get_method$arity$2:dk
JSCompiler_StaticMethods_cljs$core$ITransientVector$_assoc_n_BANG_$arity$3:th
JSCompiler_StaticMethods_containsKey:sb
JSCompiler_StaticMethods_createInstance:Nw
JSCompiler_StaticMethods_dispatchErrors_:Vw
JSCompiler_StaticMethods_div:Aa
JSCompiler_StaticMethods_enforceReadOnly:db
JSCompiler_StaticMethods_ensureKeyMapInitialized_:qb
JSCompiler_StaticMethods_entry_at:Hi
JSCompiler_StaticMethods_error_:Sw
JSCompiler_StaticMethods_fireListeners:Ks
JSCompiler_StaticMethods_getKeyName_:rb
JSCompiler_StaticMethods_getOptions:Jw
JSCompiler_StaticMethods_getProgId_:Kw
JSCompiler_StaticMethods_getReadyState:Yw
JSCompiler_StaticMethods_markAsRemoved:rs
JSCompiler_StaticMethods_maybeFixDst_:uA
JSCompiler_StaticMethods_negate:wa
JSCompiler_StaticMethods_onReadyStateChangeHelper_:Xw
JSCompiler_StaticMethods_re_frame$router$IEventQueue$_fsm_trigger$arity$3:yv
JSCompiler_StaticMethods_re_frame$router$IEventQueue$_pause$arity$2:Cv
JSCompiler_StaticMethods_re_frame$router$IEventQueue$_process_1st_event_in_queue$arity$1:Av
JSCompiler_StaticMethods_re_frame$router$IEventQueue$_run_next_tick$arity$1:Bv
JSCompiler_StaticMethods_re_frame$router$IEventQueue$_run_queue$arity$1:xv
JSCompiler_StaticMethods_removeByKey:us
JSCompiler_StaticMethods_setPort:eb
JSCompiler_StaticMethods_setQueryData:fb
JSCompiler_StaticMethods_setScheme:cb
JSCompiler_StaticMethods_sval:wf
JSCompiler_StaticMethods_toNumber:za
JSCompiler_inline_result$jscomp$214:ds
JSCompiler_inline_result$jscomp$47:Qa
JSCompiler_inline_result$jscomp$inline_2555:OD
JSCompiler_prototypeAlias:g
JSCompiler_temp$jscomp$364:eA
JSCompiler_temp$jscomp$365:fA
JSCompiler_temp_const$jscomp$inline_2554:ND
L 0:a
L 1:b
L 10:n
L 11:q
L 12:v
L 13:x
L 14:A
L 15:E
L 16:I
L 17:N
L 18:S
L 19:W
L 2:c
L 20:aa
L 21:Ba
L 22:qc
L 23:zv
L 24:Cp
L 3:d
L 4:e
L 5:f
L 6:h
L 7:k
L 8:l
L 9:m
ajax$formats$accept_header:Gw
ajax$formats$detect_content_type:Dw
ajax$formats$detect_response_format:zw
ajax$formats$detect_response_format_read:Fw
ajax$formats$get_accept_entries:Cw
ajax$formats$get_default_format:Ew
ajax$formats$get_format:Bw
ajax$formats$raw_response_format:Aw
ajax$interceptors$ApplyRequestFormat:tw
ajax$interceptors$DirectSubmission:ww
ajax$interceptors$ProcessUrlParameters:vw
ajax$interceptors$ResponseFormat:rw
ajax$interceptors$StandardInterceptor:nw
ajax$interceptors$content_type_to_request_header:qw
ajax$interceptors$fail:pw
ajax$interceptors$get_response_format:yw
ajax$interceptors$map__GT_ResponseFormat:sw
ajax$interceptors$request_interceptors:xw
ajax$interceptors$to_interceptor:ow
ajax$interceptors$uri_with_params:uw
ajax$protocols$_body:$v
ajax$protocols$_get_response_header:aw
ajax$protocols$_js_ajax_request:Xv
ajax$protocols$_process_request:cw
ajax$protocols$_process_response:dw
ajax$protocols$_status:Yv
ajax$protocols$_status_text:Zv
ajax$protocols$_was_aborted:bw
ajax$simple$default_interceptors:cx
ajax$simple$make_js_handler:bx
ajax$simple$normalize_method:$w
ajax$simple$normalize_request:dx
ajax$simple$process_request:ex
ajax$simple$process_response:ax
ajax$simple$raw_ajax_request:fx
ajax$url$key_encode:hw
ajax$url$key_value_pair_to_str:jw
ajax$url$param_to_key_value_pairs:mw
ajax$url$to_vec_key_transform:lw
ajax$url$value_encode:iw
ajax$url$vec_key_transform_fn:kw
ajax$util$get_content_type:fw
ajax$util$successful_response_codes_set:gw
ajax$util$throw_error:ew
ajax$xml_http_request$xmlhttprequest:hA
all_wilds_QMARK_$jscomp$inline_2681:GD
arr$jscomp$inline_1007:$r
c__5568__auto___46789$jscomp$inline_2699:YD
cached_hierarchy__5645__auto__$jscomp$inline_2414:iy
chunk__46636_46777$jscomp$inline_2692:RD
cljs:ub
cljs$core:vb
cljs$core$ArrayChunk:yf
cljs$core$ArrayNode:ai
cljs$core$ArrayNodeIterator:ei
cljs$core$ArrayNodeSeq:li
cljs$core$Atom:hg
cljs$core$BitmapIndexedNode:Xh
cljs$core$BitmapIndexedNode$EMPTY:$h
cljs$core$BlackNode:xi
cljs$core$Box:Rh
cljs$core$ChunkBuffer:xf
cljs$core$ChunkedCons:Af
cljs$core$ChunkedSeq:mh
cljs$core$Cons:pf
cljs$core$Delay:Fj
cljs$core$ES6EntriesIterator:Ch
cljs$core$ES6Iterator:Gd
cljs$core$ES6IteratorSeq:Id
cljs$core$ES6SetEntriesIterator:Dh
cljs$core$EmptyList:mf
cljs$core$ExceptionInfo:gk
cljs$core$Fn:Pb
cljs$core$HashCollisionNode:ii
cljs$core$HashMapIter:ni
cljs$core$HashSetIter:Qi
cljs$core$IAssociative:hc
cljs$core$ICollection:Vb
cljs$core$IComparable:$c
cljs$core$ICounted:Rb
cljs$core$IDeref:wc
cljs$core$IEmptyableCollection:Tb
cljs$core$IEncodeJS:Jj
cljs$core$IFn:Qb
cljs$core$IIndexed:Xb
cljs$core$IIndexed$_nth$dyn_45115:Zb
cljs$core$IIterable:kd
cljs$core$IKVReduce:Fc
cljs$core$IList:Mc
cljs$core$ILookup:ec
cljs$core$ILookup$_lookup$dyn_45124:gc
cljs$core$IMap:lc
cljs$core$IMeta:yc
cljs$core$INIT:Sf
cljs$core$INext:cc
cljs$core$IPrintWithWriter:Rc
cljs$core$IRecord:Nc
cljs$core$IReduce:Cc
cljs$core$IReduce$_reduce$dyn_45176:Ec
cljs$core$IReversible:Oc
cljs$core$ISeq:$b
cljs$core$ISeqable:Jc
cljs$core$ISequential:Lc
cljs$core$ISet:pc
cljs$core$ISwap$_swap_BANG_$dyn_45311:id
cljs$core$ITER_SYMBOL:Kb
cljs$core$IVector:uc
cljs$core$IWithMeta:Ac
cljs$core$IndexedSeq:J
cljs$core$IndexedSeqIterator:ce
cljs$core$IntegerRange:cj
cljs$core$IntegerRangeChunk:aj
cljs$core$KeySeq:Ki
cljs$core$Keyword:D
cljs$core$LazySeq:vf
cljs$core$List:ne
cljs$core$List$EMPTY:Fd
cljs$core$MapEntry:ah
cljs$core$MetaFn:se
cljs$core$MultiFn:bk
cljs$core$NeverEquiv:yh
cljs$core$NodeIterator:Wh
cljs$core$NodeSeq:ji
cljs$core$PROTOCOL_SENTINEL:r
cljs$core$PersistentArrayMap:t
cljs$core$PersistentArrayMap$EMPTY:X
cljs$core$PersistentArrayMap$HASHMAP_THRESHOLD:Kh
cljs$core$PersistentArrayMap$createAsIfByAssoc:qe
cljs$core$PersistentArrayMap$createAsIfByAssocComplexPath:Ph
cljs$core$PersistentArrayMapIterator:Gh
cljs$core$PersistentArrayMapSeq:Fh
cljs$core$PersistentHashMap:oi
cljs$core$PersistentHashMap$EMPTY:Lh
cljs$core$PersistentHashMap$fromArrays:qi
cljs$core$PersistentHashSet:Ri
cljs$core$PersistentHashSet$EMPTY:Ti
cljs$core$PersistentHashSet$createAsIfByAssoc:Ui
cljs$core$PersistentQueue:wh
cljs$core$PersistentQueue$EMPTY:xh
cljs$core$PersistentQueueIter:uh
cljs$core$PersistentQueueSeq:vh
cljs$core$PersistentTreeMap:Gi
cljs$core$PersistentTreeMap$EMPTY:Ii
cljs$core$PersistentTreeMapSeq:ti
cljs$core$PersistentVector:Y
cljs$core$PersistentVector$EMPTY:me
cljs$core$PersistentVector$EMPTY_NODE:Z
cljs$core$PersistentVector$fromArray:gh
cljs$core$RSeq:de
cljs$core$Range:dj
cljs$core$RangeIterator:bj
cljs$core$RangedIterator:Xg
cljs$core$RecordIter:Bh
cljs$core$RedNode:wi
cljs$core$Reduced:Od
cljs$core$Repeat:vg
cljs$core$START:Tf
cljs$core$SeqIter:Uf
cljs$core$StringBufferWriter:md
cljs$core$Subvec:oh
cljs$core$Symbol:zd
cljs$core$TransientArrayMap:Jh
cljs$core$TransientHashMap:pi
cljs$core$TransientHashSet:Si
cljs$core$TransientVector:bh
cljs$core$UUID:fk
cljs$core$ValSeq:Li
cljs$core$Var:Bd
cljs$core$VectorNode:Mg
cljs$core$Volatile:lg
cljs$core$_EQ_:F
cljs$core$_EQ__EQ_:ff
cljs$core$_EQ__EQ_$cljs$0core$0IFn$0_invoke$0arity$02:gf
cljs$core$_STAR_print_level_STAR_:xb
cljs$core$__destructure_map:Of
cljs$core$_add_watch:Tc
cljs$core$_as_transient:Wc
cljs$core$_assoc:jc
cljs$core$_assoc_BANG_:Zc
cljs$core$_assoc_n:vc
cljs$core$_chunked_first:cd
cljs$core$_chunked_rest:dd
cljs$core$_clj__GT_js:Kj
cljs$core$_compare:ad
cljs$core$_conj:Wb
cljs$core$_conj_BANG_:Xc
cljs$core$_contains_key_QMARK_:ic
cljs$core$_count:Sb
cljs$core$_deref:xc
cljs$core$_disjoin:rc
cljs$core$_dissoc:mc
cljs$core$_drop_first:bd
cljs$core$_empty:Ub
cljs$core$_equiv:Hc
cljs$core$_find:kc
cljs$core$_first:ac
cljs$core$_global_hierarchy:Pj
cljs$core$_hash:Ic
cljs$core$_indexOf$cljs$0core$0IFn$0_invoke$0arity$03:O
cljs$core$_iterator:ld
cljs$core$_key:nc
cljs$core$_kv_reduce:Gc
cljs$core$_lastIndexOf$cljs$0core$0IFn$0_invoke$0arity$03:be
cljs$core$_lookup:fc
cljs$core$_meta:zc
cljs$core$_name:ed
cljs$core$_namespace:fd
cljs$core$_next:dc
cljs$core$_nth:Yb
cljs$core$_peek:sc
cljs$core$_persistent_BANG_:Yc
cljs$core$_pop:tc
cljs$core$_pr_writer:Sc
cljs$core$_reduce:Dc
cljs$core$_remove_watch:Vc
cljs$core$_reset_BANG_:gd
cljs$core$_rest:bc
cljs$core$_rseq:Pc
cljs$core$_seq:Kc
cljs$core$_swap_BANG_:hd
cljs$core$_val:oc
cljs$core$_vreset_BANG_:jd
cljs$core$_with_meta:Bc
cljs$core$_write:Qc
cljs$core$aclone:Lb
cljs$core$apply:G
cljs$core$apply_to:If
cljs$core$apply_to_simple$cljs$0core$0IFn$0_invoke$0arity$03:Kf
cljs$core$apply_to_simple$cljs$0core$0IFn$0_invoke$0arity$04:Lf
cljs$core$apply_to_simple$cljs$0core$0IFn$0_invoke$0arity$05:Mf
cljs$core$apply_to_simple$cljs$0core$0IFn$0_invoke$0arity$06:Nf
cljs$core$array:Mb
cljs$core$array_QMARK_:Fb
cljs$core$array__GT_transient_hash_map:Qh
cljs$core$array_copy:Fe
cljs$core$array_for:Ug
cljs$core$array_index_of:Eh
cljs$core$array_reduce$cljs$0core$0IFn$0_invoke$0arity$02:Vd
cljs$core$array_reduce$cljs$0core$0IFn$0_invoke$0arity$03:Wd
cljs$core$array_reduce$cljs$0core$0IFn$0_invoke$0arity$04:Xd
cljs$core$assoc:T
cljs$core$assoc_BANG_$cljs$0core$0IFn$0_invoke$0arity$03:Hf
cljs$core$assoc_in:Jg
cljs$core$atom$cljs$0core$0IFn$0_invoke$0arity$01:ig
cljs$core$balance_left:vi
cljs$core$balance_left_del:zi
cljs$core$balance_right:yi
cljs$core$balance_right_del:Ai
cljs$core$bit_count:ef
cljs$core$boolean$0:Ie
cljs$core$bounded_count:Ef
cljs$core$build_subvec:ph
cljs$core$butlast:Xi
cljs$core$char$0:bf
cljs$core$char_escapes:qj
cljs$core$chunk_append:Cf
cljs$core$chunk_buffer:zf
cljs$core$chunk_cons:Bf
cljs$core$chunked_seq:fh
cljs$core$chunked_seq$cljs$0core$0IFn$0_invoke$0arity$04:eh
cljs$core$chunked_seq$cljs$0core$0IFn$0_invoke$0arity$05:nh
cljs$core$chunked_seq_QMARK_:Ee
cljs$core$ci_reduce$cljs$0core$0IFn$0_invoke$0arity$02:Td
cljs$core$ci_reduce$cljs$0core$0IFn$0_invoke$0arity$03:Ud
cljs$core$clj__GT_js:Mj
cljs$core$clone_and_set$cljs$0core$0IFn$0_invoke$0arity$03:Sh
cljs$core$coll_QMARK_:ye
cljs$core$comp:$f
cljs$core$compare:Me
cljs$core$compare_indexed$cljs$0core$0IFn$0_invoke$0arity$02:Ne
cljs$core$compare_keywords:qf
cljs$core$compare_symbols:yd
cljs$core$complement:Yf
cljs$core$concat:Gf
cljs$core$conj:le
cljs$core$cons:fe
cljs$core$constantly:Zf
cljs$core$contains_QMARK_:Le
cljs$core$count:P
cljs$core$counted_QMARK_:Yd
cljs$core$create_array_node_seq:gi
cljs$core$create_array_node_seq$cljs$0core$0IFn$0_invoke$0arity$01:fi
cljs$core$create_array_node_seq$cljs$0core$0IFn$0_invoke$0arity$03:mi
cljs$core$create_inode_seq:Zh
cljs$core$create_inode_seq$cljs$0core$0IFn$0_invoke$0arity$01:Yh
cljs$core$create_inode_seq$cljs$0core$0IFn$0_invoke$0arity$03:ki
cljs$core$create_node:ci
cljs$core$create_node$cljs$0core$0IFn$0_invoke$0arity$06:di
cljs$core$create_node$cljs$0core$0IFn$0_invoke$0arity$07:bi
cljs$core$create_tree_map_seq:ui
cljs$core$deref:Sd
cljs$core$disj:we
cljs$core$dissoc:U
cljs$core$distinct$cljs$0core$0IFn$0_invoke$0arity$01:Wi
cljs$core$do_assoc:Vg
cljs$core$dominates:Yj
cljs$core$drop$cljs$0core$0IFn$0_invoke$0arity$02:rg
cljs$core$drop_last$cljs$0core$0IFn$0_invoke$0arity$02:sg
cljs$core$drop_while$cljs$0core$0IFn$0_invoke$0arity$02:ug
cljs$core$edit_and_set$cljs$0core$0IFn$0_invoke$0arity$04:Uh
cljs$core$empty:oe
cljs$core$empty_QMARK_:xe
cljs$core$empty_ordered_hash:Kd
cljs$core$empty_unordered_hash:Md
cljs$core$equiv_map:Ah
cljs$core$equiv_sequential:ee
cljs$core$es6_iterator:Hd
cljs$core$es6_iterator_seq:Dd
cljs$core$even_QMARK_:Xf
cljs$core$every_QMARK_:Vf
cljs$core$ex_info$cljs$0core$0IFn$0_invoke$0arity$02:hk
cljs$core$filter$cljs$0core$0IFn$0_invoke$0arity$01:Ag
cljs$core$filter$cljs$0core$0IFn$0_invoke$0arity$02:Bg
cljs$core$find_and_cache_best_method:Zj
cljs$core$first:K
cljs$core$fix:cf
cljs$core$flatten:Eg
cljs$core$fn_QMARK_:re
cljs$core$fn__GT_comparator:Oe
cljs$core$fnil$cljs$0core$0IFn$0_invoke$0arity$02:bg
cljs$core$frequencies:hj
cljs$core$gensym$cljs$0core$0IFn$0_invoke$0arity$01:Ej
cljs$core$gensym_counter:Dj
cljs$core$get:C
cljs$core$get_global_hierarchy:Qj
cljs$core$get_in$cljs$0core$0IFn$0_invoke$0arity$02:Ig
cljs$core$group_by:Oj
cljs$core$hash:vd
cljs$core$hash_collision_node_find_index:hi
cljs$core$hash_ordered_coll:Jd
cljs$core$hash_string:ud
cljs$core$hash_symbol:xd
cljs$core$hash_unordered_coll:Ld
cljs$core$identity:Ze
cljs$core$ifn_QMARK_:Je
cljs$core$imul:od
cljs$core$inc:Nd
cljs$core$indexed_QMARK_:Zd
cljs$core$inode_kv_reduce:Vh
cljs$core$instance_QMARK_:wd
cljs$core$integer_QMARK_:Ke
cljs$core$interleave:yg
cljs$core$into:Fg
cljs$core$into_array$cljs$0core$0IFn$0_invoke$0arity$02:Nb
cljs$core$isa_QMARK_$cljs$0core$0IFn$0_invoke$0arity$03:Uj
cljs$core$iter_reduce$cljs$0core$0IFn$0_invoke$0arity$02:Ve
cljs$core$iter_reduce$cljs$0core$0IFn$0_invoke$0arity$03:We
cljs$core$iterable_QMARK_:Cd
cljs$core$juxt$cljs$0core$0IFn$0_invoke$0arity$02:Se
cljs$core$keep$cljs$0core$0IFn$0_invoke$0arity$01:fg
cljs$core$keep$cljs$0core$0IFn$0_invoke$0arity$02:gg
cljs$core$key:jh
cljs$core$key__GT_js$cljs$0core$0IFn$0_invoke$0arity$02:Lj
cljs$core$key_test:Mh
cljs$core$keys:Hh
cljs$core$keyword:tf
cljs$core$keyword_identical_QMARK_:V
cljs$core$last:ke
cljs$core$lift_ns:Aj
cljs$core$linear_traversal_nth$cljs$0core$0IFn$0_invoke$0arity$03:pe
cljs$core$list:of
cljs$core$list_QMARK_:lf
cljs$core$lookup_sentinel:Ge
cljs$core$m3_fmix:rd
cljs$core$m3_mix_H1:qd
cljs$core$m3_mix_K1:pd
cljs$core$map:pg
cljs$core$map_QMARK_:Be
cljs$core$map_entry_QMARK_:ih
cljs$core$map_indexed$cljs$0core$0IFn$0_invoke$0arity$01:cg
cljs$core$map_indexed$cljs$0core$0IFn$0_invoke$0arity$02:eg
cljs$core$mapcat$cljs$0core$0IFn$0_invoke$0arity$0variadic:zg
cljs$core$mapv$cljs$0core$0IFn$0_invoke$0arity$02:Gg
cljs$core$max:af
cljs$core$max_key:Zi
cljs$core$merge:Mi
cljs$core$merge_with$cljs$0core$0IFn$0_invoke$0arity$0variadic:Ni
cljs$core$meta:ue
cljs$core$missing_protocol:y
cljs$core$name:uf
cljs$core$namespace:rf
cljs$core$native_satisfies_QMARK_:w
cljs$core$never_equiv:zh
cljs$core$new_path:Qg
cljs$core$next:M
cljs$core$next_STAR_:Jf
cljs$core$nil_QMARK_:Eb
cljs$core$nil_iter:Rf
cljs$core$not:Gb
cljs$core$not_EQ_:Pf
cljs$core$not_empty:Qf
cljs$core$nth:ae
cljs$core$nth$cljs$0core$0IFn$0_invoke$0arity$02:$d
cljs$core$nth$cljs$0core$0IFn$0_invoke$0arity$03:R
cljs$core$object_array$cljs$0core$0IFn$0_invoke$0arity$02:Df
cljs$core$pam_grow_seed_array:Oh
cljs$core$pam_new_size:Nh
cljs$core$parents$cljs$0core$0IFn$0_invoke$0arity$01:Vj
cljs$core$partial:ag
cljs$core$partition$cljs$0core$0IFn$0_invoke$0arity$03:Hg
cljs$core$partition_by$cljs$0core$0IFn$0_invoke$0arity$02:gj
cljs$core$peek:ve
cljs$core$pop_tail:Wg
cljs$core$pos_QMARK_:hf
cljs$core$pr_opts:yb
cljs$core$pr_sequential_writer:nj
cljs$core$pr_str_STAR_:nd
cljs$core$pr_str_with_opts:yj
cljs$core$pr_writer:uj
cljs$core$pr_writer_impl:tj
cljs$core$prefers_STAR_:Xj
cljs$core$prim_seq$cljs$0core$0IFn$0_invoke$0arity$02:Q
cljs$core$print_map:vj
cljs$core$print_meta_QMARK_:sj
cljs$core$print_prefix_map:Bj
cljs$core$push_tail:Rg
cljs$core$pv_clone_node:Og
cljs$core$pv_fresh_node:Ng
cljs$core$pv_reduce$cljs$0core$0IFn$0_invoke$0arity$04:Zg
cljs$core$pv_reduce$cljs$0core$0IFn$0_invoke$0arity$05:$g
cljs$core$qualified_keyword_QMARK_:sf
cljs$core$quot:df
cljs$core$quote_string:rj
cljs$core$ranged_iterator:Yg
cljs$core$re_find:jj
cljs$core$re_matches:ij
cljs$core$re_pattern:mj
cljs$core$re_seq:lj
cljs$core$re_seq_STAR_:kj
cljs$core$record_QMARK_:Ce
cljs$core$reduce:Ob
cljs$core$reduce$cljs$0core$0IFn$0_invoke$0arity$02:Xe
cljs$core$reduce$cljs$0core$0IFn$0_invoke$0arity$03:B
cljs$core$reduce_kv:Ye
cljs$core$reduced:Pd
cljs$core$reduced_QMARK_:Qd
cljs$core$remove$cljs$0core$0IFn$0_invoke$0arity$02:Cg
cljs$core$remove_pair:Th
cljs$core$repeat$cljs$0core$0IFn$0_invoke$0arity$01:wg
cljs$core$repeat$cljs$0core$0IFn$0_invoke$0arity$02:xg
cljs$core$reset_BANG_:jg
cljs$core$reset_cache:Wj
cljs$core$rest:Ed
cljs$core$reverse:nf
cljs$core$second:je
cljs$core$select_keys:Oi
cljs$core$seq:H
cljs$core$seq_QMARK_:He
cljs$core$seq_reduce:he
cljs$core$seq_reduce$cljs$0core$0IFn$0_invoke$0arity$02:ge
cljs$core$seq_reduce$cljs$0core$0IFn$0_invoke$0arity$03:ie
cljs$core$sequential_QMARK_:Ae
cljs$core$set:Vi
cljs$core$set_QMARK_:ze
cljs$core$some:Wf
cljs$core$some_fn$cljs$0core$0IFn$0_invoke$0arity$03:mg
cljs$core$sort$cljs$0core$0IFn$0_invoke$0arity$02:Pe
cljs$core$sort_by$cljs$0core$0IFn$0_invoke$0arity$03:Re
cljs$core$sorted_map:Ji
cljs$core$split_with:fj
cljs$core$spread:Ff
cljs$core$str:z
cljs$core$string_QMARK_:Hb
cljs$core$string_hash_cache:sd
cljs$core$string_hash_cache_count:td
cljs$core$strip_ns:zj
cljs$core$subs$cljs$0core$0IFn$0_invoke$0arity$02:jf
cljs$core$subs$cljs$0core$0IFn$0_invoke$0arity$03:kf
cljs$core$subvec:qh
cljs$core$swap_BANG_:kg
cljs$core$symbol:Ad
cljs$core$t_cljs$0core43940:wb
cljs$core$tail_off:Pg
cljs$core$take:qg
cljs$core$take_last:tg
cljs$core$take_nth$cljs$0core$0IFn$0_invoke$0arity$02:ej
cljs$core$take_while$cljs$0core$0IFn$0_invoke$0arity$02:$i
cljs$core$throw_no_method_error:ak
cljs$core$to_array:Qe
cljs$core$transduce$cljs$0core$0IFn$0_invoke$0arity$04:$e
cljs$core$tree_map_add:Ci
cljs$core$tree_map_append:Di
cljs$core$tree_map_kv_reduce:Bi
cljs$core$tree_map_remove:Ei
cljs$core$tree_map_replace:Fi
cljs$core$tree_map_seq_push:si
cljs$core$tree_seq:Dg
cljs$core$truth_:u
cljs$core$tv_editable_root:ch
cljs$core$tv_editable_tail:dh
cljs$core$tv_ensure_editable:rh
cljs$core$tv_push_tail:sh
cljs$core$type:Ib
cljs$core$type__GT_str:Jb
cljs$core$unchecked_array_for:Tg
cljs$core$unreduced:Rd
cljs$core$update:Lg
cljs$core$update_in:Kg
cljs$core$val:kh
cljs$core$vals:Ih
cljs$core$vec:hh
cljs$core$vector:lh
cljs$core$vector_QMARK_:De
cljs$core$vector_index_out_of_bounds:Sg
cljs$core$volatile_BANG_:dg
cljs$core$with_meta:te
cljs$core$write_all$cljs$0core$0IFn$0_invoke$0arity$0variadic:pj
cljs$core$zipmap:Yi
cljs$cst$keyword$HOURS:Dm
cljs$cst$keyword$_LT__DASH_:Bo
cljs$cst$keyword$__html:uq
cljs$cst$keyword$a_DOT_navbar_DASH_item:Am
cljs$cst$keyword$aborted:er
cljs$cst$keyword$about:Yk
cljs$cst$keyword$add_DASH_event:El
cljs$cst$keyword$after:Wo
cljs$cst$keyword$alignment:Rl
cljs$cst$keyword$alignment_DASH_seq:lr
cljs$cst$keyword$alt_DASH_impl:wj
cljs$cst$keyword$ancestors:Tj
cljs$cst$keyword$api:fn
cljs$cst$keyword$arglists:bo
cljs$cst$keyword$atom:Or
cljs$cst$keyword$auto_DASH_run:fo
cljs$cst$keyword$basic_DASH_date:bn
cljs$cst$keyword$basic_DASH_date_DASH_time:Wq
cljs$cst$keyword$basic_DASH_date_DASH_time_DASH_no_DASH_ms:Jm
cljs$cst$keyword$basic_DASH_ordinal_DASH_date:Sk
cljs$cst$keyword$basic_DASH_ordinal_DASH_date_DASH_time:cm
cljs$cst$keyword$basic_DASH_ordinal_DASH_date_DASH_time_DASH_no_DASH_ms:ol
cljs$cst$keyword$basic_DASH_t_DASH_time:Zp
cljs$cst$keyword$basic_DASH_t_DASH_time_DASH_no_DASH_ms:fl
cljs$cst$keyword$basic_DASH_time:Er
cljs$cst$keyword$basic_DASH_time_DASH_no_DASH_ms:jq
cljs$cst$keyword$basic_DASH_week_DASH_date:Rm
cljs$cst$keyword$basic_DASH_week_DASH_date_DASH_time:gr
cljs$cst$keyword$basic_DASH_week_DASH_date_DASH_time_DASH_no_DASH_ms:Mn
cljs$cst$keyword$before:bp
cljs$cst$keyword$blockquote:tq
cljs$cst$keyword$blockquote_DASH_end:Xm
cljs$cst$keyword$blockquote_DASH_paragraph:Ro
cljs$cst$keyword$blockquote_DASH_start:Lr
cljs$cst$keyword$body:fq
cljs$cst$keyword$bold:wq
cljs$cst$keyword$bracket:nr
cljs$cst$keyword$buf:or
cljs$cst$keyword$callback:fm
cljs$cst$keyword$catch_DASH_all:gp
cljs$cst$keyword$center:Wk
cljs$cst$keyword$character:$o
cljs$cst$keyword$childContextTypes:wo
cljs$cst$keyword$children:en
cljs$cst$keyword$class:nq
cljs$cst$keyword$className:Jp
cljs$cst$keyword$click_DASH_listen_DASH_key:yq
cljs$cst$keyword$cljsLegacyRender:Im
cljs$cst$keyword$cljs_DOT_core_SLASH_not_DASH_found:Pi
cljs$cst$keyword$clojurescript:sl
cljs$cst$keyword$closed:Yo
cljs$cst$keyword$code:lm
cljs$cst$keyword$code_DASH_style:$p
cljs$cst$keyword$codeblock:Pp
cljs$cst$keyword$codeblock_DASH_end:Kr
cljs$cst$keyword$coeffects:zq
cljs$cst$keyword$coerce:Ko
cljs$cst$keyword$cofx:$m
cljs$cst$keyword$col:zm
cljs$cst$keyword$colon:Fo
cljs$cst$keyword$column:ir
cljs$cst$keyword$common_SLASH_error:Dk
cljs$cst$keyword$common_SLASH_navigate:No
cljs$cst$keyword$common_SLASH_navigate_BANG_:wr
cljs$cst$keyword$common_SLASH_navigate_DASH_fx_BANG_:yl
cljs$cst$keyword$common_SLASH_page:Gn
cljs$cst$keyword$common_SLASH_page_DASH_id:$n
cljs$cst$keyword$common_SLASH_route:lk
cljs$cst$keyword$common_SLASH_set_DASH_error:Tm
cljs$cst$keyword$compile:wm
cljs$cst$keyword$componentWillUnmount:pp
cljs$cst$keyword$component_DASH_did_DASH_update:Xq
cljs$cst$keyword$component_DASH_will_DASH_unmount:Xl
cljs$cst$keyword$conflicting:hr
cljs$cst$keyword$conflicts:kq
cljs$cst$keyword$connection_DASH_established:xr
cljs$cst$keyword$constructor:uo
cljs$cst$keyword$content_DASH_type:tk
cljs$cst$keyword$contextType:rp
cljs$cst$keyword$contextTypes:In
cljs$cst$keyword$controllers:Ln
cljs$cst$keyword$custom_DASH_transformers:Xo
cljs$cst$keyword$dangerouslySetInnerHTML:Qp
cljs$cst$keyword$data:Bk
cljs$cst$keyword$data_DASH_target:bq
cljs$cst$keyword$date:Ck
cljs$cst$keyword$date_DASH_element_DASH_parser:Pm
cljs$cst$keyword$date_DASH_hour:Ap
cljs$cst$keyword$date_DASH_hour_DASH_minute:Ho
cljs$cst$keyword$date_DASH_hour_DASH_minute_DASH_second:mr
cljs$cst$keyword$date_DASH_hour_DASH_minute_DASH_second_DASH_fraction:pn
cljs$cst$keyword$date_DASH_hour_DASH_minute_DASH_second_DASH_ms:pr
cljs$cst$keyword$date_DASH_opt_DASH_time:rn
cljs$cst$keyword$date_DASH_parser:up
cljs$cst$keyword$date_DASH_time:Zk
cljs$cst$keyword$date_DASH_time_DASH_no_DASH_ms:un
cljs$cst$keyword$date_DASH_time_DASH_parser:Jk
cljs$cst$keyword$day:Nk
cljs$cst$keyword$day_DASH_name:Wn
cljs$cst$keyword$day_DASH_of_DASH_week:pq
cljs$cst$keyword$db:kr
cljs$cst$keyword$db_DASH_handler:Wp
cljs$cst$keyword$debug:Hp
cljs$cst$keyword$debug_DASH_message:So
cljs$cst$keyword$default:ck
cljs$cst$keyword$default_DASH_year:Nl
cljs$cst$keyword$deregister_DASH_event_DASH_handler:Hn
cljs$cst$keyword$descendants:Sj
cljs$cst$keyword$description:Pk
cljs$cst$keyword$dispatch:qq
cljs$cst$keyword$dispatch_DASH_later:Uo
cljs$cst$keyword$dispatch_DASH_n:Rq
cljs$cst$keyword$displace:pm
cljs$cst$keyword$displayName:aq
cljs$cst$keyword$display_DASH_name:zp
cljs$cst$keyword$div:Ol
cljs$cst$keyword$div_DOT_navbar_DASH_brand:Fl
cljs$cst$keyword$div_DOT_navbar_DASH_start:Hm
cljs$cst$keyword$div_SHARP_nav_DASH_menu_DOT_navbar_DASH_menu:Ik
cljs$cst$keyword$do_DASH_fx:Ml
cljs$cst$keyword$doc:Yp
cljs$cst$keyword$docs:Kq
cljs$cst$keyword$dup:Cb
cljs$cst$keyword$effects:Ll
cljs$cst$keyword$end_DASH_column:Uk
cljs$cst$keyword$end_DASH_line:Gk
cljs$cst$keyword$eof:Tp
cljs$cst$keyword$error:Jl
cljs$cst$keyword$event:Kl
cljs$cst$keyword$ex_DASH_kind:Om
cljs$cst$keyword$exception:hl
cljs$cst$keyword$expand:lq
cljs$cst$keyword$f:hp
cljs$cst$keyword$failed:ep
cljs$cst$keyword$failure:Cm
cljs$cst$keyword$fallback_DASH_impl:xj
cljs$cst$keyword$fetch_DASH_docs:pl
cljs$cst$keyword$file:Kn
cljs$cst$keyword$finish_DASH_run:Qo
cljs$cst$keyword$flush_DASH_dom:Zq
cljs$cst$keyword$flush_DASH_on_DASH_newline:zb
cljs$cst$keyword$font_DASH_weight:Zo
cljs$cst$keyword$footnotes:ko
cljs$cst$keyword$footnotes_QMARK_:xq
cljs$cst$keyword$format:Zl
cljs$cst$keyword$format_DASH_str:Wm
cljs$cst$keyword$formatters:Fk
cljs$cst$keyword$found_DASH_token:Km
cljs$cst$keyword$frozen_DASH_strings:al
cljs$cst$keyword$fsm_DASH_state:to
cljs$cst$keyword$function_DASH_components:zl
cljs$cst$keyword$fx:Pq
cljs$cst$keyword$fx_DASH_handler:cn
cljs$cst$keyword$get:io
cljs$cst$keyword$getDerivedStateFromError:gq
cljs$cst$keyword$getDerivedStateFromProps:vp
cljs$cst$keyword$getInitialState:Vk
cljs$cst$keyword$global_DASH_interceptors:xn
cljs$cst$keyword$group:Rp
cljs$cst$keyword$groupEnd:Nr
cljs$cst$keyword$handler:sm
cljs$cst$keyword$hashchange_DASH_listener:mp
cljs$cst$keyword$headers:zk
cljs$cst$keyword$heading:Gr
cljs$cst$keyword$heading_DASH_anchors:Bn
cljs$cst$keyword$hierarchy:fp
cljs$cst$keyword$home:gn
cljs$cst$keyword$hour:km
cljs$cst$keyword$hour_DASH_minute:wk
cljs$cst$keyword$hour_DASH_minute_DASH_second:ym
cljs$cst$keyword$hour_DASH_minute_DASH_second_DASH_fraction:Ar
cljs$cst$keyword$hour_DASH_minute_DASH_second_DASH_ms:yo
cljs$cst$keyword$hours:ho
cljs$cst$keyword$hr:Cr
cljs$cst$keyword$href:$l
cljs$cst$keyword$html:Ek
cljs$cst$keyword$http_DASH_no_DASH_on_DASH_failure:np
cljs$cst$keyword$http_DASH_no_DASH_on_DASH_success:mm
cljs$cst$keyword$http_DASH_xhrio:wn
cljs$cst$keyword$id:yr
cljs$cst$keyword$identity:qn
cljs$cst$keyword$idle:jk
cljs$cst$keyword$ignore_DASH_anchor_DASH_click_QMARK_:rq
cljs$cst$keyword$illegal_DASH_argument:ql
cljs$cst$keyword$img:Lo
cljs$cst$keyword$in_DASH_table_DASH_body_QMARK_:Sl
cljs$cst$keyword$in_DASH_tag_QMARK_:yk
cljs$cst$keyword$indent_DASH_code_DASH_end:cl
cljs$cst$keyword$indented_DASH_code:Pl
cljs$cst$keyword$inhibit_DASH_separator:Bq
cljs$cst$keyword$inject_DASH_global_DASH_interceptors:Hq
cljs$cst$keyword$inline_DASH_heading:dq
cljs$cst$keyword$interceptors:To
cljs$cst$keyword$is_DASH_active:Kk
cljs$cst$keyword$is_DASH_prev_DASH_header_QMARK_:zo
cljs$cst$keyword$java:Dq
cljs$cst$keyword$key:jr
cljs$cst$keyword$keyword:Jr
cljs$cst$keyword$keyword_DASH_fn:Nj
cljs$cst$keyword$last_DASH_error:rl
cljs$cst$keyword$last_DASH_error_DASH_code:Vl
cljs$cst$keyword$last_DASH_fragment:Fp
cljs$cst$keyword$last_DASH_line_DASH_empty_QMARK_:ul
cljs$cst$keyword$last_DASH_method:vn
cljs$cst$keyword$left:sk
cljs$cst$keyword$line:pk
cljs$cst$keyword$list:fr
cljs$cst$keyword$listen_DASH_key:qr
cljs$cst$keyword$lists:Hk
cljs$cst$keyword$loaded_QMARK_:Mo
cljs$cst$keyword$local_DASH_date:an
cljs$cst$keyword$local_DASH_date_DASH_opt_DASH_time:Sn
cljs$cst$keyword$local_DASH_time:Mp
cljs$cst$keyword$log:vk
cljs$cst$keyword$lookup:yp
cljs$cst$keyword$map:cq
cljs$cst$keyword$meridiem:Xp
cljs$cst$keyword$meta:Bb
cljs$cst$keyword$metadata:go
cljs$cst$keyword$method:lo
cljs$cst$keyword$millis:Hr
cljs$cst$keyword$minutes:Jq
cljs$cst$keyword$missing:Pn
cljs$cst$keyword$month:ml
cljs$cst$keyword$month_DASH_name:Qm
cljs$cst$keyword$more_DASH_marker:oj
cljs$cst$keyword$ms:mk
cljs$cst$keyword$mysql:Tq
cljs$cst$keyword$name:vq
cljs$cst$keyword$name_DASH_conflicts:Ql
cljs$cst$keyword$namespaced_DASH_map:so
cljs$cst$keyword$nav_DASH_menu:Ym
cljs$cst$keyword$nav_DOT_navbar_DOT_is_DASH_info_GT_div_DOT_container:tp
cljs$cst$keyword$new:Gm
cljs$cst$keyword$next_DASH_fn_DASH_id:wp
cljs$cst$keyword$next_DASH_line:Ul
cljs$cst$keyword$nil:hn
cljs$cst$keyword$no_DASH_cache:bl
cljs$cst$keyword$not_DASH_implemented:$k
cljs$cst$keyword$not_DASH_initialized:Vp
cljs$cst$keyword$ns:ik
cljs$cst$keyword$ol:gl
cljs$cst$keyword$old:Sq
cljs$cst$keyword$on_DASH_click:Rk
cljs$cst$keyword$on_DASH_coercion_DASH_error:Vo
cljs$cst$keyword$on_DASH_dispose:xk
cljs$cst$keyword$on_DASH_failure:qk
cljs$cst$keyword$on_DASH_navigate:ar
cljs$cst$keyword$on_DASH_request:Nq
cljs$cst$keyword$on_DASH_set:Eq
cljs$cst$keyword$on_DASH_success:dp
cljs$cst$keyword$on_DASH_write:tn
cljs$cst$keyword$open:dn
cljs$cst$keyword$ordinal_DASH_date:po
cljs$cst$keyword$ordinal_DASH_date_DASH_time:Eo
cljs$cst$keyword$ordinal_DASH_date_DASH_time_DASH_no_DASH_ms:vo
cljs$cst$keyword$ordinal_DASH_suffix:Dp
cljs$cst$keyword$original_DASH_event:Tn
cljs$cst$keyword$original_DASH_text:eo
cljs$cst$keyword$overrides:rm
cljs$cst$keyword$page_SLASH_init_DASH_home:rk
cljs$cst$keyword$paragraph:Mr
cljs$cst$keyword$parameters:Al
cljs$cst$keyword$params:Un
cljs$cst$keyword$parents:Rj
cljs$cst$keyword$parse:ll
cljs$cst$keyword$parse_DASH_error:el
cljs$cst$keyword$parse_DASH_meta_QMARK_:Gl
cljs$cst$keyword$parse_DASH_tag:Sp
cljs$cst$keyword$path:Oo
cljs$cst$keyword$path_DASH_conflicts:xo
cljs$cst$keyword$path_DASH_params:co
cljs$cst$keyword$path_DASH_parts:dr
cljs$cst$keyword$pause:Kp
cljs$cst$keyword$paused:ln
cljs$cst$keyword$pending:Ij
cljs$cst$keyword$popstate_DASH_listener:mn
cljs$cst$keyword$prepend:sn
cljs$cst$keyword$print_DASH_length:Db
cljs$cst$keyword$processed:ro
cljs$cst$keyword$processing_DASH_request:Fq
cljs$cst$keyword$progress_DASH_handler:Br
cljs$cst$keyword$query:Mq
cljs$cst$keyword$query_DASH_params:yn
cljs$cst$keyword$queue:Aq
cljs$cst$keyword$quoted:Co
cljs$cst$keyword$re_DASH_frame_DOT_std_DASH_interceptors_SLASH_not_DASH_found:En
cljs$cst$keyword$read:eq
cljs$cst$keyword$readably:Ab
cljs$cst$keyword$reader_DASH_error:gm
cljs$cst$keyword$reader_DASH_exception:on
cljs$cst$keyword$readers:nk
cljs$cst$keyword$ready:Hj
cljs$cst$keyword$reagentRender:Nm
cljs$cst$keyword$reagent_DASH_render:ap
cljs$cst$keyword$reference_DASH_links_QMARK_:oo
cljs$cst$keyword$references:Np
cljs$cst$keyword$reitit_DOT_core_SLASH_path_DASH_conflicting:Hl
cljs$cst$keyword$reitit_DOT_core_SLASH_router:bm
cljs$cst$keyword$reitit_DOT_exception_SLASH_cause:rr
cljs$cst$keyword$reitit_DOT_frontend_DOT_controllers_SLASH_identity:Yl
cljs$cst$keyword$reitit_DOT_impl_SLASH_merge_DASH_data:Em
cljs$cst$keyword$reitit_DOT_trie_SLASH_following_DASH_parameters:Ir
cljs$cst$keyword$reitit_DOT_trie_SLASH_multiple_DASH_terminators:qo
cljs$cst$keyword$reitit_DOT_trie_SLASH_parameters:qm
cljs$cst$keyword$reitit_DOT_trie_SLASH_trie_DASH_compiler:Qq
cljs$cst$keyword$reitit_DOT_trie_SLASH_unclosed_DASH_brackets:Cn
cljs$cst$keyword$render:Zn
cljs$cst$keyword$replace:iq
cljs$cst$keyword$replacement_DASH_transformers:xl
cljs$cst$keyword$request:oq
cljs$cst$keyword$request_DASH_received:Vm
cljs$cst$keyword$required:Vq
cljs$cst$keyword$response:Fn
cljs$cst$keyword$response_DASH_format:Vn
cljs$cst$keyword$response_DASH_ready:Dr
cljs$cst$keyword$result:Bp
cljs$cst$keyword$resume:Gp
cljs$cst$keyword$rfc822:Mk
cljs$cst$keyword$right:vm
cljs$cst$keyword$router:jl
cljs$cst$keyword$routes:kl
cljs$cst$keyword$run_DASH_queue:Qn
cljs$cst$keyword$running:Bm
cljs$cst$keyword$scheduled:Il
cljs$cst$keyword$seconds:ip
cljs$cst$keyword$section_DOT_section_GT_div_DOT_container_GT_div_DOT_content:Xn
cljs$cst$keyword$sequential:Oq
cljs$cst$keyword$set:Dl
cljs$cst$keyword$set_DASH_docs:br
cljs$cst$keyword$shouldComponentUpdate:vr
cljs$cst$keyword$skip_DASH_next_DASH_line_QMARK_:jn
cljs$cst$keyword$span:hm
cljs$cst$keyword$span_DOT_navbar_DASH_burger_DOT_burger:Yq
cljs$cst$keyword$src:Gq
cljs$cst$keyword$stack:Mm
cljs$cst$keyword$start:Ok
cljs$cst$keyword$status:Gj
cljs$cst$keyword$status_DASH_text:no
cljs$cst$keyword$stop:ok
cljs$cst$keyword$strable:op
cljs$cst$keyword$string:Ak
cljs$cst$keyword$style:em
cljs$cst$keyword$sub:$q
cljs$cst$keyword$symbol:sp
cljs$cst$keyword$syntax:Do
cljs$cst$keyword$t_DASH_time:nn
cljs$cst$keyword$t_DASH_time_DASH_no_DASH_ms:zr
cljs$cst$keyword$table:kk
cljs$cst$keyword$tag:Ao
cljs$cst$keyword$temp:Yn
cljs$cst$keyword$template:tl
cljs$cst$keyword$terminators:jm
cljs$cst$keyword$test:Io
cljs$cst$keyword$text:Nn
cljs$cst$keyword$time:qp
cljs$cst$keyword$time_DASH_element_DASH_parser:Xk
cljs$cst$keyword$time_DASH_no_DASH_ms:om
cljs$cst$keyword$time_DASH_parser:Po
cljs$cst$keyword$timeout:ao
cljs$cst$keyword$timezone:sr
cljs$cst$keyword$token:tm
cljs$cst$keyword$top_DASH_displace:cr
cljs$cst$keyword$trigger:cp
cljs$cst$keyword$trim_DASH_v:kn
cljs$cst$keyword$type:dm
cljs$cst$keyword$ul:vl
cljs$cst$keyword$unnamed:am
cljs$cst$keyword$unprocessed:Lp
cljs$cst$keyword$unwrap:nl
cljs$cst$keyword$uri:hq
cljs$cst$keyword$url_DASH_params:Wl
cljs$cst$keyword$use_DASH_fragment:mq
cljs$cst$keyword$val:Cj
cljs$cst$keyword$validate:jo
cljs$cst$keyword$validator:zn
cljs$cst$keyword$value:xp
cljs$cst$keyword$vec_DASH_strategy:im
cljs$cst$keyword$vector:Ip
cljs$cst$keyword$view:jp
cljs$cst$keyword$warn:Cq
cljs$cst$keyword$week_DASH_date:An
cljs$cst$keyword$week_DASH_date_DASH_time:ur
cljs$cst$keyword$week_DASH_date_DASH_time_DASH_no_DASH_ms:um
cljs$cst$keyword$weekyear:Zm
cljs$cst$keyword$weekyear_DASH_week:Jn
cljs$cst$keyword$weekyear_DASH_week_DASH_day:Jo
cljs$cst$keyword$wilds:xm
cljs$cst$keyword$with_DASH_credentials:Lm
cljs$cst$keyword$with_DASH_let50539:uk
cljs$cst$keyword$write:mo
cljs$cst$keyword$year:dl
cljs$cst$keyword$year_DASH_month:Lk
cljs$cst$keyword$year_DASH_month_DASH_day:Cl
cljs$cst$keyword$yield:tr
cljs$cst$symbol$Inf:Lq
cljs$cst$symbol$NaN:Fr
cljs$cst$symbol$_DASH_Inf:Sm
cljs$cst$symbol$_SLASH_:il
cljs$cst$symbol$about_DASH_page:nm
cljs$cst$symbol$dateElementParser:Fm
cljs$cst$symbol$dateOptionalTimeParser:Go
cljs$cst$symbol$dateParser:kp
cljs$cst$symbol$dateTimeParser:Qk
cljs$cst$symbol$home_DASH_page:Bl
cljs$cst$symbol$inst:sq
cljs$cst$symbol$js:Up
cljs$cst$symbol$localDateOptionalTimeParser:Iq
cljs$cst$symbol$localDateParser:Uq
cljs$cst$symbol$localTimeParser:Tk
cljs$cst$symbol$page:Um
cljs$cst$symbol$queue:Rn
cljs$cst$symbol$sugbi_DOT_core:wl
cljs$cst$symbol$sugbi_DOT_core_SLASH_about_DASH_page:lp
cljs$cst$symbol$sugbi_DOT_core_SLASH_home_DASH_page:Dn
cljs$cst$symbol$sugbi_DOT_core_SLASH_page:Ep
cljs$cst$symbol$timeElementParser:Tl
cljs$cst$symbol$timeParser:Op
cljs$cst$symbol$uuid:On
cljs$reader$_STAR_default_data_reader_fn_STAR_:mz
cljs$reader$_STAR_tag_table_STAR_:nz
cljs$reader$check:kz
cljs$reader$days_in_month:hz
cljs$reader$parse_and_validate_timestamp:lz
cljs$reader$parse_int:jz
cljs$reader$timestamp_regex:iz
cljs$tools$reader$edn$dispatch_macros:Ky
cljs$tools$reader$edn$escape_char:Yy
cljs$tools$reader$edn$macro_terminating_QMARK_:Fy
cljs$tools$reader$edn$macros:Gy
cljs$tools$reader$edn$not_constituent_QMARK_:Hy
cljs$tools$reader$edn$read:Ty
cljs$tools$reader$edn$read$cljs$0core$0IFn$0_invoke$0arity$02:gz
cljs$tools$reader$edn$read$cljs$0core$0IFn$0_invoke$0arity$04:Sy
cljs$tools$reader$edn$read_char_STAR_:Py
cljs$tools$reader$edn$read_delimited:Ry
cljs$tools$reader$edn$read_discard:dz
cljs$tools$reader$edn$read_dispatch:Jy
cljs$tools$reader$edn$read_keyword:az
cljs$tools$reader$edn$read_list:Uy
cljs$tools$reader$edn$read_map:Wy
cljs$tools$reader$edn$read_meta:bz
cljs$tools$reader$edn$read_namespaced_map:ez
cljs$tools$reader$edn$read_number:Xy
cljs$tools$reader$edn$read_set:cz
cljs$tools$reader$edn$read_string_STAR_:Zy
cljs$tools$reader$edn$read_symbol:$y
cljs$tools$reader$edn$read_symbolic_value:fz
cljs$tools$reader$edn$read_tagged:Ly
cljs$tools$reader$edn$read_token$cljs$0core$0IFn$0_invoke$0arity$04:Iy
cljs$tools$reader$edn$read_unicode_char$cljs$0core$0IFn$0_invoke$0arity$04:Ny
cljs$tools$reader$edn$read_unicode_char$cljs$0core$0IFn$0_invoke$0arity$05:Oy
cljs$tools$reader$edn$read_unmatched_delimiter:My
cljs$tools$reader$edn$read_vector:Vy
cljs$tools$reader$edn$starting_line_col_info:Qy
cljs$tools$reader$impl$commons$float_pattern:zy
cljs$tools$reader$impl$commons$int_pattern:xy
cljs$tools$reader$impl$commons$match_number:By
cljs$tools$reader$impl$commons$matches_QMARK_:Ay
cljs$tools$reader$impl$commons$parse_symbol:Cy
cljs$tools$reader$impl$commons$ratio_pattern:yy
cljs$tools$reader$impl$commons$read_comment:Dy
cljs$tools$reader$impl$commons$read_past:wy
cljs$tools$reader$impl$commons$throwing_reader:Ey
cljs$tools$reader$impl$errors$duplicate_keys_error:uy
cljs$tools$reader$impl$errors$eof_error$cljs$0core$0IFn$0_invoke$0arity$0variadic:ny
cljs$tools$reader$impl$errors$illegal_arg_error$cljs$0core$0IFn$0_invoke$0arity$0variadic:my
cljs$tools$reader$impl$errors$reader_error$cljs$0core$0IFn$0_invoke$0arity$0variadic:ly
cljs$tools$reader$impl$errors$throw_bad_char:qy
cljs$tools$reader$impl$errors$throw_bad_octal_number:ty
cljs$tools$reader$impl$errors$throw_dup_keys:vy
cljs$tools$reader$impl$errors$throw_eof_reading$cljs$0core$0IFn$0_invoke$0arity$0variadic:ry
cljs$tools$reader$impl$errors$throw_ex$cljs$0core$0IFn$0_invoke$0arity$0variadic:ky
cljs$tools$reader$impl$errors$throw_invalid:py
cljs$tools$reader$impl$errors$throw_invalid_unicode_digit:sy
cljs$tools$reader$impl$errors$throw_odd_map:oy
cljs$tools$reader$impl$inspect$inspect_STAR_:ey
cljs$tools$reader$impl$inspect$inspect_STAR__col:dy
cljs$tools$reader$impl$utils$char_code:Ux
cljs$tools$reader$impl$utils$namespace_keys:Tx
cljs$tools$reader$impl$utils$numeric_QMARK_:Sx
cljs$tools$reader$impl$utils$whitespace_QMARK_:Rx
cljs$tools$reader$impl$utils$ws_rx:Qx
cljs$tools$reader$reader_types$PushbackReader:by
cljs$tools$reader$reader_types$StringReader:ay
cljs$tools$reader$reader_types$get_column_number:Zx
cljs$tools$reader$reader_types$get_file_name:$x
cljs$tools$reader$reader_types$get_line_number:Yx
cljs$tools$reader$reader_types$indexing_reader_QMARK_:cy
cljs$tools$reader$reader_types$peek_char:Wx
cljs$tools$reader$reader_types$read_char:Vx
cljs$tools$reader$reader_types$unread:Xx
cljs_time$core$utc:BA
cljs_time$format$Formatter:cB
cljs_time$format$formatter$cljs$0core$0IFn$0_invoke$0arity$02:dB
cljs_time$format$formatters:fB
cljs_time$format$not_implemented:eB
cljs_time$format$parsers:gB
cljs_time$format$unparse:hB
cljs_time$internal$core$_EQ_$cljs$0core$0IFn$0_invoke$0arity$0variadic:yA
cljs_time$internal$core$days:xA
cljs_time$internal$core$format$cljs$0core$0IFn$0_invoke$0arity$0variadic:zA
cljs_time$internal$core$months:wA
cljs_time$internal$parse$quoted:CA
cljs_time$internal$parse$read_punctuation:GA
cljs_time$internal$parse$read_quoted:FA
cljs_time$internal$parse$read_token:EA
cljs_time$internal$parse$read_while:DA
cljs_time$internal$unparse$lookup:$A
cljs_time$internal$unparse$lookup_fn:bB
cljs_time$internal$unparse$lookup_getter:aB
cljs_time$internal$unparse$unparse_HOURS:MA
cljs_time$internal$unparse$unparse_day:NA
cljs_time$internal$unparse$unparse_day_name:UA
cljs_time$internal$unparse$unparse_day_of_week:OA
cljs_time$internal$unparse$unparse_hours:LA
cljs_time$internal$unparse$unparse_meridiem:XA
cljs_time$internal$unparse$unparse_millis:IA
cljs_time$internal$unparse$unparse_minutes:KA
cljs_time$internal$unparse$unparse_month:PA
cljs_time$internal$unparse$unparse_month_name:TA
cljs_time$internal$unparse$unparse_ordinal_suffix:ZA
cljs_time$internal$unparse$unparse_period:HA
cljs_time$internal$unparse$unparse_period_name:SA
cljs_time$internal$unparse$unparse_quoted:RA
cljs_time$internal$unparse$unparse_seconds:JA
cljs_time$internal$unparse$unparse_timezone:YA
cljs_time$internal$unparse$unparse_weekyear:VA
cljs_time$internal$unparse$unparse_weekyear_week:WA
cljs_time$internal$unparse$unparse_year:QA
clojure$data$atom_diff:Iv
clojure$data$diff:Lv
clojure$data$diff_associative:Mv
clojure$data$diff_associative_key:Kv
clojure$data$diff_sequential:Nv
clojure$data$diff_set:Ov
clojure$data$diff_similar:Qv
clojure$data$equality_partition:Pv
clojure$data$vectorize:Jv
clojure$set$bubble_max_key:Bt
clojure$set$difference:Et
clojure$set$intersection:Dt
clojure$set$union$cljs$0core$0IFn$0_invoke$0arity$02:Ct
clojure$string$ends_with_QMARK_:at
clojure$string$index_of$cljs$0core$0IFn$0_invoke$0arity$02:Zs
clojure$string$index_of$cljs$0core$0IFn$0_invoke$0arity$03:$s
clojure$string$join$cljs$0core$0IFn$0_invoke$0arity$01:Ts
clojure$string$join$cljs$0core$0IFn$0_invoke$0arity$02:Us
clojure$string$replace:Ss
clojure$string$replace_all:Qs
clojure$string$replace_with:Rs
clojure$string$split$cljs$0core$0IFn$0_invoke$0arity$02:Ws
clojure$string$split$cljs$0core$0IFn$0_invoke$0arity$03:Xs
clojure$string$split_with_empty_regex:Vs
clojure$string$trim:Ys
cognitect:$z
cognitect$transit:aA
cognitect$transit$t_cognitect$0transit48855:bA
cognitect$transit$write_handler$cljs$0core$0IFn$0_invoke$0arity$02:cA
cognitect$transit$write_handler$cljs$0core$0IFn$0_invoke$0arity$04:dA
com$cognitect$transit$eq$equals:Tz
com$cognitect$transit$eq$hashArrayLike:Zz
com$cognitect$transit$eq$hashCode:Yz
com$cognitect$transit$eq$hashCodeCounter:Sz
com$cognitect$transit$eq$hashCombine:Uz
com$cognitect$transit$eq$hashMapLike:Xz
com$cognitect$transit$eq$stringCodeCache:Vz
com$cognitect$transit$eq$stringCodeCacheSize:Wz
com$cognitect$transit$util$isArray:Qz
com$cognitect$transit$util$objectKeys:Pz
com$cognitect$transit$util$randHex:Rz
comp$jscomp$inline_2706:dE
compiled_routes$jscomp$inline_2679:ED
conflicts$jscomp$inline_2675:CD
container$jscomp$inline_2707:eE
count__46637_46778$jscomp$inline_2693:SD
day8$re_frame$http_fx$ajax_xhrio_handler:gx
day8$re_frame$http_fx$dispatch_on_request:ix
day8$re_frame$http_fx$request__GT_xhrio_options:hx
docMode$jscomp$inline_1008:as
documentMode$jscomp$inline_1022:es
e$jscomp$inline_2686:LD
fexpr__50336$jscomp$inline_2688:MD
goog:ba
goog$Disposable:is
goog$Disposable$MonitoringMode$OFF:js
goog$Timer$callOnce:Hw
goog$UID_PROPERTY_:ja
goog$Uri:bb
goog$Uri$QueryData:hb
goog$Uri$decodeOrEmpty_:gb
goog$Uri$encodeChar_:pb
goog$Uri$encodeSpecialChars_:ib
goog$Uri$parse:ob
goog$Uri$reDisallowedInAbsolutePath_:kb
goog$Uri$reDisallowedInFragment_:mb
goog$Uri$reDisallowedInQuery_:nb
goog$Uri$reDisallowedInRelativePath_:lb
goog$Uri$reDisallowedInSchemeOrUserInfo_:jb
goog$async$nextTick:hs
goog$bind:na
goog$bindJs_:ma
goog$bindNative_:la
goog$date$Date:sA
goog$date$DateTime:vA
goog$date$Interval:lA
goog$date$Interval$DAYS:oA
goog$date$Interval$HOURS:pA
goog$date$Interval$MINUTES:qA
goog$date$Interval$MONTHS:nA
goog$date$Interval$SECONDS:rA
goog$date$Interval$YEARS:mA
goog$date$UtcDateTime:AA
goog$date$getWeekNumber:kA
goog$dom$createElement:gs
goog$events$BrowserEvent:ms
goog$events$BrowserEvent$IE_POINTER_TYPE_MAP:ns
goog$events$BrowserFeature$PASSIVE_EVENTS:ls
goog$events$Event:ks
goog$events$EventTarget:Js
goog$events$LISTENER_MAP_PROP_:vs
goog$events$LISTENER_WRAPPER_PROP_:Is
goog$events$Listenable$IMPLEMENTED_BY_PROP:ps
goog$events$ListenableKey$counter_:os
goog$events$Listener:qs
goog$events$ListenerMap:ss
goog$events$ListenerMap$findListenerIndex_:ts
goog$events$getListenerMap_:Cs
goog$events$getOnString_:Es
goog$events$getProxy:Ds
goog$events$handleBrowserEvent_:Fs
goog$events$listen:ys
goog$events$listenOnce:zs
goog$events$listen_:Bs
goog$events$listenerCountEstimate_:xs
goog$events$onStringMap_:ws
goog$events$unlisten:Gs
goog$events$unlistenByKey:Hs
goog$events$wrapListener:As
goog$exportPath_:da
goog$getUid:ia
goog$global:ca
goog$i18n$DateTimeSymbols:jA
goog$i18n$DateTimeSymbols_en:iA
goog$inherits:oa
goog$isArrayLike:fa
goog$isObject:ha
goog$net$DefaultXmlHttpFactory:Mw
goog$net$ErrorCode$getDebugMessage:Pr
goog$net$XhrIo:Ow
goog$net$XhrIo$HTTP_SCHEME_PATTERN:Qw
goog$net$XhrIo$METHODS_WITH_FORM_DATA:Rw
goog$net$XhrIo$ResponseType$DEFAULT:Pw
goog$net$XhrIo$buildProgressEvent_:Zw
goog$net$XhrIo$shouldUseXhr2Timeout_:Uw
goog$net$XmlHttp$factory_:Lw
goog$net$XmlHttpFactory:Iw
goog$nullFunction:ea
goog$reflect$cache:qa
goog$reflect$sinkValue:pa
goog$string$StringBuffer:tb
goog$string$format:Gz
goog$string$internal$compareElements_:Ga
goog$string$internal$isEmptyOrWhitespace:Ea
goog$string$internal$trim:Fa
goog$string$makeSafe:Va
goog$string$padNumber:Ua
goog$string$repeat:Ta
goog$string$splitLimit:Wa
goog$structs$forEach:Za
goog$structs$getKeys:Ya
goog$structs$getValues:Xa
goog$typeOf:p
goog$uidCounter_:ka
goog$uri$utils$parseQueryData:ab
goog$uri$utils$splitRe_:$a
goog$userAgent$DOCUMENT_MODE:fs
goog$userAgent$EDGE:Tr
goog$userAgent$GECKO:Ur
goog$userAgent$IE:Sr
goog$userAgent$OPERA:Rr
goog$userAgent$VERSION:Yr
goog$userAgent$WEBKIT:Vr
goog$userAgent$getDocumentMode_:Xr
goog$userAgent$isVersionOrHigher:cs
goog$userAgent$isVersionOrHigherCache_:bs
hierarchy__5646__auto__$jscomp$inline_2415:jy
i__46638_46779$jscomp$inline_2694:TD
listener$jscomp$inline_1260:ev
luminus_transit$time$iso_local_date:iB
luminus_transit$time$iso_local_date_time:jB
luminus_transit$time$iso_zoned_date_time:kB
map__50334$jscomp$inline_2672:AD
map__50334__$1$jscomp$inline_2673:lC
markdown$common$_STAR_inhibit_separator_STAR_:nx
markdown$common$_STAR_substring_STAR_:mx
markdown$common$bold:wx
markdown$common$bold_italic:vx
markdown$common$em:xx
markdown$common$escape_code:rx
markdown$common$escape_delimiter:ox
markdown$common$freeze_string:px
markdown$common$heading_level:Bx
markdown$common$inline_code:Ax
markdown$common$italics:yx
markdown$common$make_heading:Cx
markdown$common$make_separator$cljs$0core$0IFn$0_invoke$0arity$04:tx
markdown$common$open_html_tags:sx
markdown$common$strikethrough:zx
markdown$common$strong:ux
markdown$common$thaw_string:qx
markdown$core$format:Fz
markdown$core$init_transformer:Ez
markdown$core$mdToHtml:Nz
markdown$core$mdToHtmlWithMeta:Oz
markdown$core$md__GT_html:Lz
markdown$core$md__GT_html_with_meta:Mz
markdown$core$md_to_html_string_STAR_:Kz
markdown$core$parse_footnotes:Iz
markdown$core$parse_metadata:Jz
markdown$core$parse_references:Hz
markdown$links$encode_links:Lx
markdown$links$freeze_links:Nx
markdown$links$image:Hx
markdown$links$img$cljs$0core$0IFn$0_invoke$0arity$0variadic:Dx
markdown$links$link:Gx
markdown$links$make_link:Fx
markdown$links$parse_footnote_link:Ox
markdown$links$parse_links:Mx
markdown$links$parse_reference:Jx
markdown$links$parse_reference_link:Kx
markdown$links$process_link_title:Ex
markdown$links$reference:Ix
markdown$links$replace_footnote_link:Px
markdown$lists$add_row:pz
markdown$lists$close_lists:oz
markdown$lists$ol:rz
markdown$lists$ul:qz
markdown$tables$divider_seq__GT_alignment:vz
markdown$tables$parse_table_row:sz
markdown$tables$table__GT_str:uz
markdown$tables$table_row__GT_str:tz
markdown$transformers$_STAR_formatter_STAR_:wz
markdown$transformers$close_paragraph:Az
markdown$transformers$footer:Bz
markdown$transformers$heading_QMARK_:xz
markdown$transformers$open_paragraph:zz
markdown$transformers$paragraph_text:yz
markdown$transformers$parse_wiki_metadata_headers:Cz
markdown$transformers$transformer_vector:Dz
meta_merge$core$displace_QMARK_:ng
meta_merge$core$meta_STAR_:qB
meta_merge$core$meta_merge:uB
meta_merge$core$pick_prioritized:tB
meta_merge$core$remove_top_displace:sB
meta_merge$core$replace_QMARK_:og
meta_merge$core$with_meta_STAR_:rB
method_cache__5644__auto__$jscomp$inline_2413:hy
method_table__5642__auto__$jscomp$inline_2411:fy
module$contents$goog$array_defaultCompare:Oa
module$contents$goog$array_indexOf:Ma
module$contents$goog$array_sort:Na
module$contents$goog$array_stableSort:Pa
module$contents$goog$labs$userAgent$platform_isIphone:Qr
module$contents$goog$labs$userAgent$util_matchUserAgent:Sa
module$contents$goog$labs$userAgent$util_userAgentInternal:Ra
module$contents$goog$math$Long_Long:sa
module$contents$goog$math$Long_Long$fromBits:ra
module$contents$goog$math$Long_Long$fromNumber:ta
module$contents$goog$math$Long_Long$fromString:ya
module$contents$goog$math$Long_MAX_VALUE_:ua
module$contents$goog$math$Long_MIN_VALUE_:va
module$contents$goog$math$Long_NEG_ONE_:Da
module$contents$goog$math$Long_ONE_:Ca
module$contents$goog$math$Long_ZERO_:xa
module$contents$goog$memoize_MODULE_LOCAL_CACHE:rD
module$contents$goog$memoize_simpleSerializer:sD
module$contents$goog$object_PROTOTYPE_FIELDS:Ka
module$contents$goog$object_extend:La
module$contents$goog$object_get:Ja
module$contents$goog$object_getKeys:Ia
module$contents$goog$object_map:Ha
module$node_modules$react$index:Ps
module$node_modules$react_dom$index:jx
name_conflicting$jscomp$inline_2678:DD
navigator$jscomp$inline_1004:Wr
path_conflicting$jscomp$inline_2677:oC
prefer_table__5643__auto__$jscomp$inline_2412:gy
raw_routes$jscomp$inline_2671:kC
re_frame$cofx$inject_db:Hv
re_frame$core$reg_event_db:Uv
re_frame$core$reg_event_fx$cljs$0core$0IFn$0_invoke$0arity$02:Vv
re_frame$core$reg_sub$cljs$0core$0IFn$0_invoke$0arity$0variadic:Wv
re_frame$db$app_db:$u
re_frame$events$_STAR_handling_STAR_:ov
re_frame$fx$dispatch_later:Gv
re_frame$fx$do_fx:Fv
re_frame$interceptor$__GT_interceptor:jv
re_frame$interceptor$assoc_coeffect:lv
re_frame$interceptor$enqueue:nv
re_frame$interceptor$get_coeffect$cljs$0core$0IFn$0_invoke$0arity$02:kv
re_frame$interceptor$invoke_interceptors:mv
re_frame$interop$add_on_dispose_BANG_:Xu
re_frame$interop$deref_QMARK_:Wu
re_frame$interop$empty_queue:Vu
re_frame$interop$reagent_id:Zu
re_frame$interop$set_timeout_BANG_:Yu
re_frame$loggers$console:bv
re_frame$loggers$loggers:av
re_frame$registrar$clear_handlers:iv
re_frame$registrar$get_handler$cljs$0core$0IFn$0_invoke$0arity$02:gv
re_frame$registrar$kind__GT_id__GT_handler:fv
re_frame$registrar$register_handler:hv
re_frame$router$dispatch:Ev
re_frame$router$event_queue:Dv
re_frame$router$later_fns:wv
re_frame$settings$store:dv
re_frame$std_interceptors$db_handler__GT_interceptor:Rv
re_frame$std_interceptors$fx_handler__GT_interceptor:Sv
re_frame$std_interceptors$inject_global_interceptors:Tv
re_frame$subs$cache_and_return:qv
re_frame$subs$cache_lookup$cljs$0core$0IFn$0_invoke$0arity$02:rv
re_frame$subs$deref_input_signals:uv
re_frame$subs$map_vals:tv
re_frame$subs$query__GT_reaction:pv
re_frame$subs$reg_sub:vv
re_frame$subs$subscribe:sv
re_frame$utils$first_in_vector:cv
reagent:bt
reagent$core$after_render:Uu
reagent$dom$render_comp:lx
reagent$dom$roots:kx
reagent$impl:ct
reagent$impl$batching$RenderQueue:ut
reagent$impl$batching$compare_mount_order:qt
reagent$impl$batching$enqueue:tt
reagent$impl$batching$fake_raf:ot
reagent$impl$batching$mount_count:nt
reagent$impl$batching$next_tick:pt
reagent$impl$batching$queue_render:wt
reagent$impl$batching$ratom_flush:rt
reagent$impl$batching$render_queue:vt
reagent$impl$batching$run_funs:st
reagent$impl$component$_STAR_current_component_STAR_:bu
reagent$impl$component$built_in_static_method_names:mu
reagent$impl$component$cache_react_class:ou
reagent$impl$component$camelify_map_keys:iu
reagent$impl$component$cljsify:lu
reagent$impl$component$create_class:nu
reagent$impl$component$custom_wrapper:fu
reagent$impl$component$dash_to_method_name:hu
reagent$impl$component$functional_render:qu
reagent$impl$component$functional_render_fn:su
reagent$impl$component$functional_render_memo_fn:ru
reagent$impl$component$functional_wrap_render:pu
reagent$impl$component$map_to_js:ku
reagent$impl$component$obligatory:gu
reagent$impl$component$props_argv:cu
reagent$impl$component$rat_opts:au
reagent$impl$component$reagent_class_QMARK_:du
reagent$impl$component$wrap_funs:ju
reagent$impl$component$wrap_render:eu
reagent$impl$input$input_component_set_value:vu
reagent$impl$input$input_handle_change:wu
reagent$impl$input$input_node_set_value:uu
reagent$impl$input$input_render_setup:xu
reagent$impl$input$input_spec:yu
reagent$impl$input$these_inputs_have_selection_api:tu
reagent$impl$protocols$as_element:zt
reagent$impl$protocols$get_id:xt
reagent$impl$protocols$make_element:At
reagent$impl$protocols$parse_tag:yt
reagent$impl$template:zu
reagent$impl$template$HiccupTag:Ku
reagent$impl$template$cache_get:Du
reagent$impl$template$cached_parse:Pu
reagent$impl$template$convert_custom_prop_value:Iu
reagent$impl$template$convert_prop_value:Fu
reagent$impl$template$custom_kv_conv:Hu
reagent$impl$template$custom_prop_name_cache:Gu
reagent$impl$template$default_compiler:Tu
reagent$impl$template$expand_seq:Ru
reagent$impl$template$function_element:Mu
reagent$impl$template$kv_conv:Eu
reagent$impl$template$make_element:Ju
reagent$impl$template$maybe_function_element:Nu
reagent$impl$template$native_element:Qu
reagent$impl$template$prop_name_cache:Cu
reagent$impl$template$re_tag:Bu
reagent$impl$template$reag_element:Lu
reagent$impl$template$t_reagent$0impl$0template45879:Au
reagent$impl$template$tag_name_cache:Ou
reagent$impl$template$vec_to_elem:Su
reagent$impl$util$_STAR_always_update_STAR_:kt
reagent$impl$util$capitalize:ft
reagent$impl$util$class_names:jt
reagent$impl$util$dash_to_prop_name:gt
reagent$impl$util$dont_camel_case:et
reagent$impl$util$fun_name:ht
reagent$impl$util$get_react_key:lt
reagent$impl$util$is_client:dt
reagent$impl$util$named_QMARK_:it
reagent$impl$util$react_key_from_vec:mt
reagent$ratom$RAtom:Nt
reagent$ratom$RCursor:St
reagent$ratom$Reaction:Xt
reagent$ratom$Track:Rt
reagent$ratom$_STAR_ratom_context_STAR_:Ft
reagent$ratom$add_on_dispose_BANG_:Wt
reagent$ratom$add_w:It
reagent$ratom$atom:Ot
reagent$ratom$cached_reaction:Pt
reagent$ratom$deref_capture:Gt
reagent$ratom$dispose_BANG_:Vt
reagent$ratom$flush_BANG_:Yt
reagent$ratom$handle_reaction_change:Uc
reagent$ratom$make_reaction:Qt
reagent$ratom$notify_deref_watcher_BANG_:Ht
reagent$ratom$notify_w:Kt
reagent$ratom$pr_atom:Lt
reagent$ratom$rea_queue:Mt
reagent$ratom$remove_w:Jt
reagent$ratom$run_in_reaction:$t
reagent$ratom$temp_reaction:Zt
reagent$ratom$with_let_destroy:Tt
reagent$ratom$with_let_values:Ut
reitit:mB
reitit$coercion$coerce_BANG_:YC
reitit$coercion$coerce_request:XC
reitit$core:DC
reitit$core$Match:OC
reitit$core$PartialMatch:QC
reitit$core$Router$match_by_name$dyn_50347:NC
reitit$core$__GT_Match:PC
reitit$core$expand:KC
reitit$core$linear_router$cljs$0core$0IFn$0_invoke$0arity$02:RC
reitit$core$lookup_router:SC
reitit$core$match_by_name:MC
reitit$core$match_by_path:LC
reitit$core$mixed_router:VC
reitit$core$quarantine_router:WC
reitit$core$single_static_path_router:UC
reitit$core$t_reitit$0core50252:EC
reitit$core$t_reitit$0core50271:FC
reitit$core$t_reitit$0core50291:GC
reitit$core$t_reitit$0core50306:HC
reitit$core$t_reitit$0core50312:IC
reitit$core$t_reitit$0core50319:JC
reitit$core$trie_router:TC
reitit$exception$exception:pB
reitit$exception$fail_BANG_$cljs$0core$0IFn$0_invoke$0arity$02:nB
reitit$exception$format_exception:oB
reitit$frontend$controllers$apply_controller:pD
reitit$frontend$controllers$apply_controllers:qD
reitit$frontend$controllers$get_identity:oD
reitit$frontend$controllers$pad_same_length:mD
reitit$frontend$controllers$params_warning:nD
reitit$frontend$easy$history:lD
reitit$frontend$history$FragmentHistory:gD
reitit$frontend$history$Html5History:iD
reitit$frontend$history$_get_path:eD
reitit$frontend$history$_href:fD
reitit$frontend$history$_init:bD
reitit$frontend$history$_on_navigate:dD
reitit$frontend$history$_stop:cD
reitit$frontend$history$ignore_anchor_click_QMARK_:hD
reitit$frontend$history$start_BANG_$cljs$0core$0IFn$0_invoke$0arity$03:jD
reitit$frontend$history$stop_BANG_:kD
reitit$frontend$match_by_name_BANG_$cljs$0core$0IFn$0_invoke$0arity$03:aD
reitit$frontend$match_by_path$cljs$0core$0IFn$0_invoke$0arity$03:$C
reitit$frontend$query_params:ZC
reitit$impl$__GT_wild_route_QMARK_:eC
reitit$impl$compile_routes:tC
reitit$impl$conflicting_paths:pC
reitit$impl$fast_get:wC
reitit$impl$find_names:sC
reitit$impl$form_encode:yC
reitit$impl$into_string:zC
reitit$impl$map_data:hC
reitit$impl$maybe_map_values:fC
reitit$impl$maybe_url_decode:xC
reitit$impl$merge_data:iC
reitit$impl$name_conflicting_routes:qC
reitit$impl$parse:dC
reitit$impl$path_conflicting_routes:mC
reitit$impl$path_for:vC
reitit$impl$path_params:AC
reitit$impl$query_parameter:BC
reitit$impl$query_string:CC
reitit$impl$resolve_routes:jC
reitit$impl$uncompile_routes:uC
reitit$impl$unresolved_conflicts:nC
reitit$impl$walk:gC
reitit$trie:vB
reitit$trie$CatchAll:EB
reitit$trie$Match:FB
reitit$trie$Node:GB
reitit$trie$Wild:DB
reitit$trie$_insert:XB
reitit$trie$_keyword:QB
reitit$trie$_node:WB
reitit$trie$_path_matcher:NB
reitit$trie$_slice_end:UB
reitit$trie$_slice_start:TB
reitit$trie$assoc_param:OB
reitit$trie$catch_all_matcher:LB
reitit$trie$clojure_trie_compiler:ZB
reitit$trie$common_prefix:PB
reitit$trie$compile$cljs$0core$0IFn$0_invoke$0arity$02:bC
reitit$trie$compile$cljs$0core$0IFn$0_invoke$0arity$03:cC
reitit$trie$conflicting_parts_QMARK_:VB
reitit$trie$data_matcher:IB
reitit$trie$decode:YB
reitit$trie$depth:Te
reitit$trie$insert$cljs$0core$0IFn$0_invoke$0arity$04:aC
reitit$trie$into_set:CB
reitit$trie$join_path:SB
reitit$trie$length:Ue
reitit$trie$linear_matcher:MB
reitit$trie$map_parameters:$B
reitit$trie$match:HB
reitit$trie$split_path:RB
reitit$trie$static_matcher:JB
reitit$trie$t_reitit$0trie49887:wB
reitit$trie$t_reitit$0trie49890:xB
reitit$trie$t_reitit$0trie49893:yB
reitit$trie$t_reitit$0trie49896:zB
reitit$trie$t_reitit$0trie49909:AB
reitit$trie$t_reitit$0trie49912:BB
reitit$trie$wild_matcher:KB
req$jscomp$inline_1660:gA
router$jscomp$inline_2674:BD
router__$1$jscomp$inline_2682:HD
routes$jscomp$inline_2676:rC
rxn_46782$jscomp$inline_2696:VD
rxn_46796$jscomp$inline_2704:cE
seq__46635_46776$jscomp$inline_2691:QD
seq__46635_46788__$1$jscomp$inline_2698:XD
shadow$js$files:Ls
shadow$js$jsRequire:Os
shadow$js$nativeRequires:Ms
shadow$js$requireStack:Ns
sugbi$ajax$local_uri_QMARK_:lB
sugbi$core$about_page:vD
sugbi$core$home_page:wD
sugbi$core$nav_link:tD
sugbi$core$navbar:uD
sugbi$core$navigate_BANG_:yD
sugbi$core$page:xD
sugbi$core$router:zD
temp__5804__auto___46787$jscomp$inline_2697:WD
temp__5804__auto___50419$jscomp$inline_2683:ID
temp__5804__auto___50421$jscomp$inline_2684:JD
vec__46648_46780$jscomp$inline_2695:UD
vec__46662_46794$jscomp$inline_2703:bE
version$jscomp$inline_1006:Zr
wilds_QMARK_$jscomp$inline_2680:FD
